ERC report (2026-09-16T11:43:27+0530, Encoding UTF8)
Report includes: Errors, Warnings, Exclusions

***** Sheet /
[global_label_dangling]: Global label not connected anywhere else in the schematic
    ; warning
    @(134.62 mm, 50.80 mm): Global Label 'P0.25'
[global_label_dangling]: Global label not connected anywhere else in the schematic
    ; warning
    @(134.62 mm, 53.34 mm): Global Label 'P0.26'
[global_label_dangling]: Global label not connected anywhere else in the schematic
    ; warning
    @(134.62 mm, 55.88 mm): Global Label 'P0.27'
[global_label_dangling]: Global label not connected anywhere else in the schematic
    ; warning
    @(134.62 mm, 58.42 mm): Global Label 'P0.28'
[global_label_dangling]: Global label not connected anywhere else in the schematic
    ; warning
    @(134.62 mm, 60.96 mm): Global Label 'P0.29'
[lib_symbol_mismatch]: Symbol 'TPD3F303DPV' doesn't match copy in library 'Power_Protection'
    ; warning
    @(50.80 mm, 63.50 mm): Symbol U4 [TPD3F303DPV]
[global_label_dangling]: Global label not connected anywhere else in the schematic
    ; warning
    @(147.32 mm, 45.72 mm): Global Label 'MAGPIO0'
[global_label_dangling]: Global label not connected anywhere else in the schematic
    ; warning
    @(147.32 mm, 48.26 mm): Global Label 'MAGPIO1'
[global_label_dangling]: Global label not connected anywhere else in the schematic
    ; warning
    @(147.32 mm, 50.80 mm): Global Label 'MAGPIO2'
[global_label_dangling]: Global label not connected anywhere else in the schematic
    ; warning
    @(147.32 mm, 53.34 mm): Global Label 'MIPI_VIO'
[global_label_dangling]: Global label not connected anywhere else in the schematic
    ; warning
    @(147.32 mm, 55.88 mm): Global Label 'MIPI_SCLK'
[global_label_dangling]: Global label not connected anywhere else in the schematic
    ; warning
    @(147.32 mm, 58.42 mm): Global Label 'MIPI_SDATA'
[global_label_dangling]: Global label not connected anywhere else in the schematic
    ; warning
    @(147.32 mm, 111.76 mm): Global Label 'COEX1'
[global_label_dangling]: Global label not connected anywhere else in the schematic
    ; warning
    @(147.32 mm, 114.30 mm): Global Label 'COEX2'

***** Sheet /A. nRF9161/

***** Sheet /B. POWER/
[pin_to_pin]: Pins of type Power output and Power output are connected
    ; error
    @(88.90 mm, 139.70 mm): Symbol #FLG04 Pin 1 [Power output, Line]
    @(71.12 mm, 99.06 mm): Symbol U2 Pin 5 [OUT, Power output, Line]

***** Sheet /C. LTE/NR+ RF/

***** Sheet /D. GNSS/

***** Sheet /E. SIM/UICC/
[power_pin_not_driven]: Input Power pin not driven by any Output Power pins
    ; error
    @(50.80 mm, 53.34 mm): Symbol U4 Pin 5 [V_{CC}, Power input, Line]

***** Sheet /F. SWD/DEBUG/

***** Sheet /G. UART/

***** Sheet /H. SPI/I2C/

***** Sheet /I. I2S/PDM/ADC/

***** Sheet /J. GPIO EXPANSION/

***** Sheet /K. LEDs/BUTTONS/

***** Sheet /L. TEST POINTS/

 ** ERC messages: 16  Errors 2  Warnings 14
