2026-09-16 07:17:13.419 INFO   Freerouting v2.1.0 (build-date: 2025-04-12)
2026-09-16 07:17:13.541 ERROR  Failed to set property value for: router.fanout_max_passes
java.lang.NoSuchFieldException: No field found with name or SerializedName: fanout_max_passes
	at app.freerouting.management.ReflectionUtil.getFieldByNameOrSerializedName(ReflectionUtil.java:50) ~[freerouting.jar:unspecified]
	at app.freerouting.management.ReflectionUtil.setFieldValue(ReflectionUtil.java:26) ~[freerouting.jar:unspecified]
	at app.freerouting.settings.GlobalSettings.setValue(GlobalSettings.java:211) [freerouting.jar:unspecified]
	at app.freerouting.settings.GlobalSettings.applyCommandLineArguments(GlobalSettings.java:239) [freerouting.jar:unspecified]
	at app.freerouting.Freerouting.main(Freerouting.java:188) [freerouting.jar:unspecified]
2026-09-16 07:17:13.541 ERROR  Failed to set property value for: router.fanout_max_passes
java.lang.NoSuchFieldException: No field found with name or SerializedName: fanout_max_passes
	at app.freerouting.management.ReflectionUtil.getFieldByNameOrSerializedName(ReflectionUtil.java:50) ~[freerouting.jar:unspecified]
	at app.freerouting.management.ReflectionUtil.setFieldValue(ReflectionUtil.java:26) ~[freerouting.jar:unspecified]
	at app.freerouting.settings.GlobalSettings.setValue(GlobalSettings.java:211) [freerouting.jar:unspecified]
	at app.freerouting.settings.GlobalSettings.applyCommandLineArguments(GlobalSettings.java:239) [freerouting.jar:unspecified]
	at app.freerouting.Freerouting.main(Freerouting.java:188) [freerouting.jar:unspecified]
2026-09-16 07:17:15.575 INFO   New version available: v2.4.1
2026-09-16 07:17:15.705 INFO   [F6EBD8\7B4550] Job 'F6EBD8\7B4550' started at 2026-09-16T07:17:15.704780272Z
2026-09-16 07:17:40.247 INFO   [F6EBD8\7B4550] Auto-router pass #1 on board '1838c64702570d225590a8bc15658a5d' was completed in 23.98 seconds with the score of 721.88 (131 unrouted), using 291.06 CPU seconds and 7339 MB memory.
2026-09-16 07:17:57.598 INFO   [F6EBD8\7B4550] Auto-router pass #2 on board 'a43de7831e3a4f2226693aa7b14efa1d' was completed in 17.24 seconds with the score of 730.03 (128 unrouted), using 840.44 CPU seconds and 13644 MB memory.
2026-09-16 07:18:13.685 INFO   [F6EBD8\7B4550] Auto-router pass #3 on board '6d4005e429168ea761b8c1493cb66742' was completed in 15.97 seconds with the score of 732.69 (126 unrouted), using 1617.55 CPU seconds and 19847 MB memory.
2026-09-16 07:18:42.593 INFO   [F6EBD8\7B4550] Auto-router pass #4 on board '7f0f39899412f8c2ad36b49f7ca5fb34' was completed in 28.82 seconds with the score of 750.59 (120 unrouted), using 3666.26 CPU seconds and 31366 MB memory.
2026-09-16 07:18:54.230 INFO   [F6EBD8\7B4550] Auto-router pass #5 on board '6fb3ba5e01adf15d97c419c59293ddb3' was completed in 11.57 seconds with the score of 752.89 (119 unrouted), using 4757.01 CPU seconds and 37802 MB memory.
2026-09-16 07:19:07.335 INFO   [F6EBD8\7B4550] Auto-router pass #6 on board '4f6c7e129bc81da28b8e3a6eab29ee93' was completed in 13.04 seconds with the score of 752.74 (119 unrouted), using 6099.49 CPU seconds and 44040 MB memory.
2026-09-16 07:19:08.173 WARN   PolylineTrace.get_trace_connection_shape p_index out of range
2026-09-16 07:19:08.173 ERROR  AutorouteEngine.autoroute_connection: Exception in maze_search_algo.find_connection
java.lang.NullPointerException: Cannot invoke "app.freerouting.geometry.planar.TileShape.nearest_point_approx(app.freerouting.geometry.planar.FloatPoint)" because "target_shape" is null
	at app.freerouting.autoroute.MazeSearchAlgo.expand_to_target_doors(MazeSearchAlgo.java:534) ~[freerouting.jar:unspecified]
	at app.freerouting.autoroute.MazeSearchAlgo.expand_to_room_doors(MazeSearchAlgo.java:398) ~[freerouting.jar:unspecified]
	at app.freerouting.autoroute.MazeSearchAlgo.occupy_next_element(MazeSearchAlgo.java:286) ~[freerouting.jar:unspecified]
	at app.freerouting.autoroute.MazeSearchAlgo.find_connection(MazeSearchAlgo.java:206) ~[freerouting.jar:unspecified]
	at app.freerouting.autoroute.AutorouteEngine.autoroute_connection(AutorouteEngine.java:155) [freerouting.jar:unspecified]
	at app.freerouting.autoroute.BatchAutorouter.autoroute_item(BatchAutorouter.java:610) [freerouting.jar:unspecified]
	at app.freerouting.autoroute.BatchAutorouter.autoroute_pass(BatchAutorouter.java:332) [freerouting.jar:unspecified]
	at app.freerouting.autoroute.BatchAutorouter.runBatchLoop(BatchAutorouter.java:447) [freerouting.jar:unspecified]
	at app.freerouting.management.RoutingJobSchedulerActionThread.thread_action(RoutingJobSchedulerActionThread.java:131) [freerouting.jar:unspecified]
	at app.freerouting.core.StoppableThread.run(StoppableThread.java:26) [freerouting.jar:unspecified]
2026-09-16 07:19:08.173 ERROR  AutorouteEngine.autoroute_connection: Exception in maze_search_algo.find_connection
java.lang.NullPointerException: Cannot invoke "app.freerouting.geometry.planar.TileShape.nearest_point_approx(app.freerouting.geometry.planar.FloatPoint)" because "target_shape" is null
	at app.freerouting.autoroute.MazeSearchAlgo.expand_to_target_doors(MazeSearchAlgo.java:534) ~[freerouting.jar:unspecified]
	at app.freerouting.autoroute.MazeSearchAlgo.expand_to_room_doors(MazeSearchAlgo.java:398) ~[freerouting.jar:unspecified]
	at app.freerouting.autoroute.MazeSearchAlgo.occupy_next_element(MazeSearchAlgo.java:286) ~[freerouting.jar:unspecified]
	at app.freerouting.autoroute.MazeSearchAlgo.find_connection(MazeSearchAlgo.java:206) ~[freerouting.jar:unspecified]
	at app.freerouting.autoroute.AutorouteEngine.autoroute_connection(AutorouteEngine.java:155) [freerouting.jar:unspecified]
	at app.freerouting.autoroute.BatchAutorouter.autoroute_item(BatchAutorouter.java:610) [freerouting.jar:unspecified]
	at app.freerouting.autoroute.BatchAutorouter.autoroute_pass(BatchAutorouter.java:332) [freerouting.jar:unspecified]
	at app.freerouting.autoroute.BatchAutorouter.runBatchLoop(BatchAutorouter.java:447) [freerouting.jar:unspecified]
	at app.freerouting.management.RoutingJobSchedulerActionThread.thread_action(RoutingJobSchedulerActionThread.java:131) [freerouting.jar:unspecified]
	at app.freerouting.core.StoppableThread.run(StoppableThread.java:26) [freerouting.jar:unspecified]
2026-09-16 07:19:09.882 WARN   PolylineTrace.get_trace_connection_shape p_index out of range
2026-09-16 07:19:09.883 ERROR  AutorouteEngine.autoroute_connection: Exception in maze_search_algo.find_connection
java.lang.NullPointerException: Cannot invoke "app.freerouting.geometry.planar.TileShape.nearest_point_approx(app.freerouting.geometry.planar.FloatPoint)" because "target_shape" is null
	at app.freerouting.autoroute.MazeSearchAlgo.expand_to_target_doors(MazeSearchAlgo.java:534) ~[freerouting.jar:unspecified]
	at app.freerouting.autoroute.MazeSearchAlgo.expand_to_room_doors(MazeSearchAlgo.java:398) ~[freerouting.jar:unspecified]
	at app.freerouting.autoroute.MazeSearchAlgo.occupy_next_element(MazeSearchAlgo.java:286) ~[freerouting.jar:unspecified]
	at app.freerouting.autoroute.MazeSearchAlgo.find_connection(MazeSearchAlgo.java:206) ~[freerouting.jar:unspecified]
	at app.freerouting.autoroute.AutorouteEngine.autoroute_connection(AutorouteEngine.java:155) [freerouting.jar:unspecified]
	at app.freerouting.autoroute.BatchAutorouter.autoroute_item(BatchAutorouter.java:610) [freerouting.jar:unspecified]
	at app.freerouting.autoroute.BatchAutorouter.autoroute_pass(BatchAutorouter.java:332) [freerouting.jar:unspecified]
	at app.freerouting.autoroute.BatchAutorouter.runBatchLoop(BatchAutorouter.java:447) [freerouting.jar:unspecified]
	at app.freerouting.management.RoutingJobSchedulerActionThread.thread_action(RoutingJobSchedulerActionThread.java:131) [freerouting.jar:unspecified]
	at app.freerouting.core.StoppableThread.run(StoppableThread.java:26) [freerouting.jar:unspecified]
2026-09-16 07:19:09.883 ERROR  AutorouteEngine.autoroute_connection: Exception in maze_search_algo.find_connection
java.lang.NullPointerException: Cannot invoke "app.freerouting.geometry.planar.TileShape.nearest_point_approx(app.freerouting.geometry.planar.FloatPoint)" because "target_shape" is null
	at app.freerouting.autoroute.MazeSearchAlgo.expand_to_target_doors(MazeSearchAlgo.java:534) ~[freerouting.jar:unspecified]
	at app.freerouting.autoroute.MazeSearchAlgo.expand_to_room_doors(MazeSearchAlgo.java:398) ~[freerouting.jar:unspecified]
	at app.freerouting.autoroute.MazeSearchAlgo.occupy_next_element(MazeSearchAlgo.java:286) ~[freerouting.jar:unspecified]
	at app.freerouting.autoroute.MazeSearchAlgo.find_connection(MazeSearchAlgo.java:206) ~[freerouting.jar:unspecified]
	at app.freerouting.autoroute.AutorouteEngine.autoroute_connection(AutorouteEngine.java:155) [freerouting.jar:unspecified]
	at app.freerouting.autoroute.BatchAutorouter.autoroute_item(BatchAutorouter.java:610) [freerouting.jar:unspecified]
	at app.freerouting.autoroute.BatchAutorouter.autoroute_pass(BatchAutorouter.java:332) [freerouting.jar:unspecified]
	at app.freerouting.autoroute.BatchAutorouter.runBatchLoop(BatchAutorouter.java:447) [freerouting.jar:unspecified]
	at app.freerouting.management.RoutingJobSchedulerActionThread.thread_action(RoutingJobSchedulerActionThread.java:131) [freerouting.jar:unspecified]
	at app.freerouting.core.StoppableThread.run(StoppableThread.java:26) [freerouting.jar:unspecified]
2026-09-16 07:19:10.423 WARN   PolylineTrace.get_trace_connection_shape p_index out of range
2026-09-16 07:19:10.423 ERROR  AutorouteEngine.autoroute_connection: Exception in maze_search_algo.find_connection
java.lang.NullPointerException: Cannot invoke "app.freerouting.geometry.planar.TileShape.nearest_point_approx(app.freerouting.geometry.planar.FloatPoint)" because "target_shape" is null
	at app.freerouting.autoroute.MazeSearchAlgo.expand_to_target_doors(MazeSearchAlgo.java:534) ~[freerouting.jar:unspecified]
	at app.freerouting.autoroute.MazeSearchAlgo.expand_to_room_doors(MazeSearchAlgo.java:398) ~[freerouting.jar:unspecified]
	at app.freerouting.autoroute.MazeSearchAlgo.occupy_next_element(MazeSearchAlgo.java:286) ~[freerouting.jar:unspecified]
	at app.freerouting.autoroute.MazeSearchAlgo.find_connection(MazeSearchAlgo.java:206) ~[freerouting.jar:unspecified]
	at app.freerouting.autoroute.AutorouteEngine.autoroute_connection(AutorouteEngine.java:155) [freerouting.jar:unspecified]
	at app.freerouting.autoroute.BatchAutorouter.autoroute_item(BatchAutorouter.java:610) [freerouting.jar:unspecified]
	at app.freerouting.autoroute.BatchAutorouter.autoroute_pass(BatchAutorouter.java:332) [freerouting.jar:unspecified]
	at app.freerouting.autoroute.BatchAutorouter.runBatchLoop(BatchAutorouter.java:447) [freerouting.jar:unspecified]
	at app.freerouting.management.RoutingJobSchedulerActionThread.thread_action(RoutingJobSchedulerActionThread.java:131) [freerouting.jar:unspecified]
	at app.freerouting.core.StoppableThread.run(StoppableThread.java:26) [freerouting.jar:unspecified]
2026-09-16 07:19:10.423 ERROR  AutorouteEngine.autoroute_connection: Exception in maze_search_algo.find_connection
java.lang.NullPointerException: Cannot invoke "app.freerouting.geometry.planar.TileShape.nearest_point_approx(app.freerouting.geometry.planar.FloatPoint)" because "target_shape" is null
	at app.freerouting.autoroute.MazeSearchAlgo.expand_to_target_doors(MazeSearchAlgo.java:534) ~[freerouting.jar:unspecified]
	at app.freerouting.autoroute.MazeSearchAlgo.expand_to_room_doors(MazeSearchAlgo.java:398) ~[freerouting.jar:unspecified]
	at app.freerouting.autoroute.MazeSearchAlgo.occupy_next_element(MazeSearchAlgo.java:286) ~[freerouting.jar:unspecified]
	at app.freerouting.autoroute.MazeSearchAlgo.find_connection(MazeSearchAlgo.java:206) ~[freerouting.jar:unspecified]
	at app.freerouting.autoroute.AutorouteEngine.autoroute_connection(AutorouteEngine.java:155) [freerouting.jar:unspecified]
	at app.freerouting.autoroute.BatchAutorouter.autoroute_item(BatchAutorouter.java:610) [freerouting.jar:unspecified]
	at app.freerouting.autoroute.BatchAutorouter.autoroute_pass(BatchAutorouter.java:332) [freerouting.jar:unspecified]
	at app.freerouting.autoroute.BatchAutorouter.runBatchLoop(BatchAutorouter.java:447) [freerouting.jar:unspecified]
	at app.freerouting.management.RoutingJobSchedulerActionThread.thread_action(RoutingJobSchedulerActionThread.java:131) [freerouting.jar:unspecified]
	at app.freerouting.core.StoppableThread.run(StoppableThread.java:26) [freerouting.jar:unspecified]
2026-09-16 07:19:11.684 WARN   MazeShoveTraceAlgo.check_shove_trace_line: trace_corner_no to big
2026-09-16 07:19:11.684 WARN   MazeShoveTraceAlgo.check_shove_trace_line: trace_corner_no to big
2026-09-16 07:19:19.408 INFO   [F6EBD8\7B4550] Auto-router pass #7 on board '4d46815cd70c1b2f2620c82d5d2a4a61' was completed in 11.98 seconds with the score of 755.34 (118 unrouted), using 7487.08 CPU seconds and 50311 MB memory.
2026-09-16 07:19:35.647 INFO   [F6EBD8\7B4550] Restoring an earlier board that has the score of 755.34 (118 unrouted).
2026-09-16 07:19:35.647 INFO   [F6EBD8\7B4550] Auto-router pass #8 on board '1d3a02b2caf3038765c095da9e134487' was completed in 16.17 seconds with the score of 749.04 (119 unrouted), using 9558.68 CPU seconds and 56793 MB memory.
2026-09-16 07:19:49.202 INFO   [F6EBD8\7B4550] Auto-router pass #9 on board '1d3a02b2caf3038765c095da9e134487' was completed in 13.53 seconds with the score of 758.59 (117 unrouted), using 11578.42 CPU seconds and 65420 MB memory.
2026-09-16 07:19:58.871 INFO   [F6EBD8\7B4550] Auto-router pass #10 on board '303b33126142cddc4f0d15194caf7df4' was completed in 9.61 seconds with the score of 758.59 (117 unrouted), using 13139.93 CPU seconds and 71108 MB memory.
2026-09-16 07:20:08.894 INFO   [F6EBD8\7B4550] Auto-router pass #11 on board '303b33126142cddc4f0d15194caf7df4' was completed in 10.00 seconds with the score of 758.59 (117 unrouted), using 14800.64 CPU seconds and 76401 MB memory.
